Archive member included to satisfy reference by file (symbol)

.\CortexM3\ARM_GCC_541\Debug\AY1920_II_HW_05_PROJ_3.a(UART_Debug.o)
                              .\CortexM3\ARM_GCC_541\Debug\main.o (UART_Debug_Start)
.\CortexM3\ARM_GCC_541\Debug\AY1920_II_HW_05_PROJ_3.a(I2C_Master.o)
                              .\CortexM3\ARM_GCC_541\Debug\I2C_Interface.o (I2C_Master_Start)
.\CortexM3\ARM_GCC_541\Debug\AY1920_II_HW_05_PROJ_3.a(I2C_Master_INT.o)
                              .\CortexM3\ARM_GCC_541\Debug\AY1920_II_HW_05_PROJ_3.a(I2C_Master.o) (I2C_Master_ISR)
.\CortexM3\ARM_GCC_541\Debug\AY1920_II_HW_05_PROJ_3.a(I2C_Master_PM.o)
                              .\CortexM3\ARM_GCC_541\Debug\AY1920_II_HW_05_PROJ_3.a(I2C_Master.o) (I2C_Master_backup)
.\CortexM3\ARM_GCC_541\Debug\AY1920_II_HW_05_PROJ_3.a(I2C_Master_MASTER.o)
                              .\CortexM3\ARM_GCC_541\Debug\AY1920_II_HW_05_PROJ_3.a(I2C_Master.o) (I2C_Master_mstrStatus)
.\CortexM3\ARM_GCC_541\Debug\AY1920_II_HW_05_PROJ_3.a(UART_Debug_IntClock.o)
                              .\CortexM3\ARM_GCC_541\Debug\AY1920_II_HW_05_PROJ_3.a(UART_Debug.o) (UART_Debug_IntClock_Start)
.\CortexM3\ARM_GCC_541\Debug\AY1920_II_HW_05_PROJ_3.a(CyLib.o)
                              .\CortexM3\ARM_GCC_541\Debug\Cm3Start.o (CyHalt)
.\CortexM3\ARM_GCC_541\Debug\AY1920_II_HW_05_PROJ_3.a(cyPm.o)
                              .\CortexM3\ARM_GCC_541\Debug\AY1920_II_HW_05_PROJ_3.a(CyLib.o) (CyPmReadStatus)
.\CortexM3\ARM_GCC_541\Debug\AY1920_II_HW_05_PROJ_3.a(Timer.o)
                              .\CortexM3\ARM_GCC_541\Debug\main.o (Timer_Start)
.\CortexM3\ARM_GCC_541\Debug\AY1920_II_HW_05_PROJ_3.a(isr_Send.o)
                              .\CortexM3\ARM_GCC_541\Debug\main.o (isr_Send_StartEx)
.\CortexM3\ARM_GCC_541\Debug\AY1920_II_HW_05_PROJ_3.a(CyBootAsmGnu.o)
                              .\CortexM3\ARM_GCC_541\Debug\cyfitter_cfg.o (CyDelayCycles)
.\CortexM3\ARM_GCC_541\Debug\AY1920_II_HW_05_PROJ_3.a(CyFlash.o)
                              .\CortexM3\ARM_GCC_541\Debug\AY1920_II_HW_05_PROJ_3.a(cyPm.o) (CyFlash_SetWaitCycles)
.\CortexM3\ARM_GCC_541\Debug\AY1920_II_HW_05_PROJ_3.a(CySpc.o)
                              .\CortexM3\ARM_GCC_541\Debug\AY1920_II_HW_05_PROJ_3.a(CyFlash.o) (CySpcStart)
c:/program files (x86)/cypress/psoc creator/4.3/psoc creator/import/gnu/arm/5.4.1/bin/../lib/gcc/arm-none-eabi/5.4.1/armv7-m\libgcc.a(_arm_addsubdf3.o)
                              .\CortexM3\ARM_GCC_541\Debug\InterruptRoutines.o (__aeabi_f2d)
c:/program files (x86)/cypress/psoc creator/4.3/psoc creator/import/gnu/arm/5.4.1/bin/../lib/gcc/arm-none-eabi/5.4.1/armv7-m\libgcc.a(_arm_muldivdf3.o)
                              .\CortexM3\ARM_GCC_541\Debug\InterruptRoutines.o (__aeabi_dmul)
c:/program files (x86)/cypress/psoc creator/4.3/psoc creator/import/gnu/arm/5.4.1/bin/../lib/gcc/arm-none-eabi/5.4.1/armv7-m\libgcc.a(_arm_fixdfsi.o)
                              .\CortexM3\ARM_GCC_541\Debug\InterruptRoutines.o (__aeabi_d2iz)
c:/program files (x86)/cypress/psoc creator/4.3/psoc creator/import/gnu/arm/5.4.1/bin/../lib/gcc/arm-none-eabi/5.4.1/armv7-m\libgcc.a(_arm_addsubsf3.o)
                              .\CortexM3\ARM_GCC_541\Debug\InterruptRoutines.o (__aeabi_fadd)
c:/program files (x86)/cypress/psoc creator/4.3/psoc creator/import/gnu/arm/5.4.1/bin/../lib/gcc/arm-none-eabi/5.4.1/../../../../arm-none-eabi/lib/armv7-m\libg_nano.a(lib_a-errno.o)
                              .\CortexM3\ARM_GCC_541\Debug\Cm3Start.o (__errno)
c:/program files (x86)/cypress/psoc creator/4.3/psoc creator/import/gnu/arm/5.4.1/bin/../lib/gcc/arm-none-eabi/5.4.1/../../../../arm-none-eabi/lib/armv7-m\libg_nano.a(lib_a-exit.o)
                              c:/program files (x86)/cypress/psoc creator/4.3/psoc creator/import/gnu/arm/5.4.1/bin/../lib/gcc/arm-none-eabi/5.4.1/../../../../arm-none-eabi/lib/armv7-m/crt0.o (exit)
c:/program files (x86)/cypress/psoc creator/4.3/psoc creator/import/gnu/arm/5.4.1/bin/../lib/gcc/arm-none-eabi/5.4.1/../../../../arm-none-eabi/lib/armv7-m\libg_nano.a(lib_a-impure.o)
                              c:/program files (x86)/cypress/psoc creator/4.3/psoc creator/import/gnu/arm/5.4.1/bin/../lib/gcc/arm-none-eabi/5.4.1/../../../../arm-none-eabi/lib/armv7-m\libg_nano.a(lib_a-exit.o) (_global_impure_ptr)
c:/program files (x86)/cypress/psoc creator/4.3/psoc creator/import/gnu/arm/5.4.1/bin/../lib/gcc/arm-none-eabi/5.4.1/../../../../arm-none-eabi/lib/armv7-m\libg_nano.a(lib_a-init.o)
                              c:/program files (x86)/cypress/psoc creator/4.3/psoc creator/import/gnu/arm/5.4.1/bin/../lib/gcc/arm-none-eabi/5.4.1/../../../../arm-none-eabi/lib/armv7-m/crt0.o (__libc_init_array)
c:/program files (x86)/cypress/psoc creator/4.3/psoc creator/import/gnu/arm/5.4.1/bin/../lib/gcc/arm-none-eabi/5.4.1/../../../../arm-none-eabi/lib/armv7-m\libg_nano.a(lib_a-memcpy-stub.o)
                              .\CortexM3\ARM_GCC_541\Debug\cyfitter_cfg.o (memcpy)
[...]
Memory Configuration

Name             Origin             Length             Attributes
rom              0x00000000         0x00040000         xr
ram              0x1fff8000         0x00010000         xrw
*default*        0x00000000         0xffffffff

Linker script and memory map

LOAD c:/program files (x86)/cypress/psoc creator/4.3/psoc creator/import/gnu/arm/5.4.1/bin/../lib/gcc/arm-none-eabi/5.4.1/armv7-m/crti.o
LOAD c:/program files (x86)/cypress/psoc creator/4.3/psoc creator/import/gnu/arm/5.4.1/bin/../lib/gcc/arm-none-eabi/5.4.1/armv7-m/crtbegin.o
LOAD c:/program files (x86)/cypress/psoc creator/4.3/psoc creator/import/gnu/arm/5.4.1/bin/../lib/gcc/arm-none-eabi/5.4.1/../../../../arm-none-eabi/lib/armv7-m/crt0.o
START GROUP
LOAD .\CortexM3\ARM_GCC_541\Debug\main.o
LOAD .\CortexM3\ARM_GCC_541\Debug\I2C_Interface.o
LOAD .\CortexM3\ARM_GCC_541\Debug\InterruptRoutines.o
LOAD .\CortexM3\ARM_GCC_541\Debug\cyfitter_cfg.o
LOAD .\CortexM3\ARM_GCC_541\Debug\cymetadata.o
LOAD .\CortexM3\ARM_GCC_541\Debug\Cm3Start.o
LOAD .\CortexM3\ARM_GCC_541\Debug\AY1920_II_HW_05_PROJ_3.a
LOAD C:\Program Files (x86)\Cypress\PSoC Creator\4.3\PSoC Creator\psoc\content\cycomponentlibrary\CyComponentLibrary.cylib\CortexM3\ARM_GCC_541\Debug\CyComponentLibrary.a
END GROUP
START GROUP
LOAD c:/program files (x86)/cypress/psoc creator/4.3/psoc creator/import/gnu/arm/5.4.1/bin/../lib/gcc/arm-none-eabi/5.4.1/armv7-m\libgcc.a
LOAD c:/program files (x86)/cypress/psoc creator/4.3/psoc creator/import/gnu/arm/5.4.1/bin/../lib/gcc/arm-none-eabi/5.4.1/../../../../arm-none-eabi/lib/armv7-m\libg_nano.a
LOAD c:/program files (x86)/cypress/psoc creator/4.3/psoc creator/import/gnu/arm/5.4.1/bin/../lib/gcc/arm-none-eabi/5.4.1/../../../../arm-none-eabi/lib/armv7-m\libc_nano.a
END GROUP
START GROUP
LOAD c:/program files (x86)/cypress/psoc creator/4.3/psoc creator/import/gnu/arm/5.4.1/bin/../lib/gcc/arm-none-eabi/5.4.1/armv7-m\libgcc.a
LOAD c:/program files (x86)/cypress/psoc creator/4.3/psoc creator/import/gnu/arm/5.4.1/bin/../lib/gcc/arm-none-eabi/5.4.1/../../../../arm-none-eabi/lib/armv7-m\libc_nano.a
END GROUP
LOAD c:/program files (x86)/cypress/psoc creator/4.3/psoc creator/import/gnu/arm/5.4.1/bin/../lib/gcc/arm-none-eabi/5.4.1/armv7-m/crtend.o
LOAD c:/program files (x86)/cypress/psoc creator/4.3/psoc creator/import/gnu/arm/5.4.1/bin/../lib/gcc/arm-none-eabi/5.4.1/armv7-m/crtn.o
START GROUP
LOAD c:/program files (x86)/cypress/psoc creator/4.3/psoc creator/import/gnu/arm/5.4.1/bin/../lib/gcc/arm-none-eabi/5.4.1/armv7-m\libgcc.a
LOAD c:/program files (x86)/cypress/psoc creator/4.3/psoc creator/import/gnu/arm/5.4.1/bin/../lib/gcc/arm-none-eabi/5.4.1/../../../../arm-none-eabi/lib/armv7-m\libc.a
LOAD c:/program files (x86)/cypress/psoc creator/4.3/psoc creator/import/gnu/arm/5.4.1/bin/../lib/gcc/arm-none-eabi/5.4.1/../../../../arm-none-eabi/lib/armv7-m\libnosys.a
END GROUP
                0x00000000                CY_APPL_ORIGIN = 0x0
                0x00000100                CY_FLASH_ROW_SIZE = 0x100
                0x00000020                CY_ECC_ROW_SIZE = 0x20
                0x00000000                CY_EE_IN_BTLDR = 0x0
                0x00000000                CY_APPL_LOADABLE = 0x0
                0x00000800                CY_EE_SIZE = 0x800
                0x00000001                CY_APPL_NUM = 0x1
                0x00000001                CY_APPL_MAX = 0x1
                0x00000040                CY_METADATA_SIZE = 0x40
                0x00000000                CY_APPL_LOADABLE = 0x0
                0x00000000                CY_CHECKSUM_EXCLUDE_SIZE = ALIGN (0x0, CY_FLASH_ROW_SIZE)
                [!provide]                PROVIDE (__cy_heap_start, _end)
                0x00000001                PROVIDE (__cy_region_num, ((__cy_regions_end - __cy_regions) / 0x10))
                0x20008000                PROVIDE (__cy_stack, (ORIGIN (ram) + LENGTH (ram)))
                [!provide]                PROVIDE (__cy_heap_end, (__cy_stack - 0x800))

.cybootloader   0x00000000        0x0
 *(.cybootloader)
                0x00000000                appl1_start = CY_APPL_ORIGIN?CY_APPL_ORIGIN:ALIGN (CY_FLASH_ROW_SIZE)
                0x0001ff00                appl2_start = (appl1_start + ALIGN ((((LENGTH (rom) - appl1_start) - (0x2 * CY_FLASH_ROW_SIZE)) / 0x2), CY_FLASH_ROW_SIZE))
                0x00000000                appl_start = (CY_APPL_NUM == 0x1)?appl1_start:appl2_start
                0x00000000                ecc_offset = ((appl_start / CY_FLASH_ROW_SIZE) * CY_ECC_ROW_SIZE)
                0x00000000                ee_offset = (CY_APPL_LOADABLE && ! (CY_EE_IN_BTLDR))?((CY_EE_SIZE / CY_APPL_MAX) * (CY_APPL_NUM - 0x1)):0x0
                0x00000800                ee_size = (CY_APPL_LOADABLE && ! (CY_EE_IN_BTLDR))?(CY_EE_SIZE / CY_APPL_MAX):CY_EE_SIZE
                [!provide]                PROVIDE (CY_ECC_OFFSET, ecc_offset)

.text           0x00000000     0x2240
 CREATE_OBJECT_SYMBOLS
                0x00000000                PROVIDE (__cy_interrupt_vector, RomVectors)
 *(.romvectors)
 .romvectors    0x00000000       0x10 .\CortexM3\ARM_GCC_541\Debug\Cm3Start.o
                0x00000000                RomVectors
                0x00000001                ASSERT ((. != __cy_interrupt_vector), No interrupt vector)
                0x00000001                ASSERT (CY_APPL_ORIGIN?(SIZEOF (.cybootloader) <= CY_APPL_ORIGIN):0x1, Wrong image location)
                0x00000010                PROVIDE (__cy_reset, Reset)
 *(.text.Reset)
 .text.Reset    0x00000010       0x18 .\CortexM3\ARM_GCC_541\Debug\Cm3Start.o
                0x00000010                Reset
                0x00000001                ASSERT ((. != __cy_reset), No reset code)
 *(.dma_init)
                0x00000001                ASSERT ((((appl_start + .) <= 0x10000) || 0x1), DMA Init must be within the first 64k of flash)
 *(.text .text.* .gnu.linkonce.t.*)
 .text          0x00000028       0x5c c:/program files (x86)/cypress/psoc creator/4.3/psoc creator/import/gnu/arm/5.4.1/bin/../lib/gcc/arm-none-eabi/5.4.1/armv7-m/crtbegin.o
 .text.main     0x00000084      0x1b8 .\CortexM3\ARM_GCC_541\Debug\main.o
                0x00000084                main
 .text.I2C_Peripheral_Start
                0x0000023c        0xc .\CortexM3\ARM_GCC_541\Debug\I2C_Interface.o
                0x0000023c                I2C_Peripheral_Start
 .text.I2C_Peripheral_ReadRegister
                0x00000248       0x40 .\CortexM3\ARM_GCC_541\Debug\I2C_Interface.o
                0x00000248                I2C_Peripheral_ReadRegister
 .text.I2C_Peripheral_ReadRegisterMulti
                0x00000288       0x64 .\CortexM3\ARM_GCC_541\Debug\I2C_Interface.o
                0x00000288                I2C_Peripheral_ReadRegisterMulti
 .text.I2C_Peripheral_WriteRegister
                0x000002ec       0x30 .\CortexM3\ARM_GCC_541\Debug\I2C_Interface.o
                0x000002ec                I2C_Peripheral_WriteRegister
 .text.I2C_Peripheral_IsDeviceConnected
                0x0000031c       0x18 .\CortexM3\ARM_GCC_541\Debug\I2C_Interface.o
                0x0000031c                I2C_Peripheral_IsDeviceConnected
 *fill*         0x00000334        0x4 
 .text.isr_SendData
                0x00000338       0xec .\CortexM3\ARM_GCC_541\Debug\InterruptRoutines.o
                0x00000338                isr_SendData
 .text.CyClockStartupError
                0x00000424        0x4 .\CortexM3\ARM_GCC_541\Debug\cyfitter_cfg.o
 .text.cfg_write_bytes32
                0x00000428       0x34 .\CortexM3\ARM_GCC_541\Debug\cyfitter_cfg.o
 .text.AnalogSetDefault
                0x0000045c       0x28 .\CortexM3\ARM_GCC_541\Debug\cyfitter_cfg.o
 .text.CYMEMZERO
                0x00000484        0xc .\CortexM3\ARM_GCC_541\Debug\cyfitter_cfg.o
 .text.ClockSetup
                0x00000490       0xc8 .\CortexM3\ARM_GCC_541\Debug\cyfitter_cfg.o
 .text.CYCONFIGCPY
                0x00000558        0x8 .\CortexM3\ARM_GCC_541\Debug\cyfitter_cfg.o
 .text.cyfitter_cfg
                0x00000560      0x100 .\CortexM3\ARM_GCC_541\Debug\cyfitter_cfg.o
                0x00000560                cyfitter_cfg
 .text.IntDefaultHandler
                0x00000660       0x10 .\CortexM3\ARM_GCC_541\Debug\Cm3Start.o
                0x00000660                IntDefaultHandler
 .text._sbrk    0x00000670       0x30 .\CortexM3\ARM_GCC_541\Debug\Cm3Start.o
                0x00000670                _sbrk
 .text.Start_c  0x000006a0       0x4c .\CortexM3\ARM_GCC_541\Debug\Cm3Start.o
                0x000006a0                Start_c
 .text.initialize_psoc
                0x000006ec       0x68 .\CortexM3\ARM_GCC_541\Debug\Cm3Start.o
                0x000006ec                initialize_psoc
 .text.UART_Debug_Init
                0x00000754       0x24 .\CortexM3\ARM_GCC_541\Debug\AY1920_II_HW_05_PROJ_3.a(UART_Debug.o)
                0x00000754                UART_Debug_Init
 .text.UART_Debug_Enable
                0x00000778       0x38 .\CortexM3\ARM_GCC_541\Debug\AY1920_II_HW_05_PROJ_3.a(UART_Debug.o)
                0x00000778                UART_Debug_Enable
 .text.UART_Debug_Start
                0x000007b0       0x1c .\CortexM3\ARM_GCC_541\Debug\AY1920_II_HW_05_PROJ_3.a(UART_Debug.o)
                0x000007b0                UART_Debug_Start
 .text.UART_Debug_PutChar
                0x000007cc       0x18 .\CortexM3\ARM_GCC_541\Debug\AY1920_II_HW_05_PROJ_3.a(UART_Debug.o)
                0x000007cc                UART_Debug_PutChar
 .text.UART_Debug_PutString
                0x000007e4       0x24 .\CortexM3\ARM_GCC_541\Debug\AY1920_II_HW_05_PROJ_3.a(UART_Debug.o)
                0x000007e4                UART_Debug_PutString
 .text.UART_Debug_PutArray
                0x00000808       0x28 .\CortexM3\ARM_GCC_541\Debug\AY1920_II_HW_05_PROJ_3.a(UART_Debug.o)
                0x00000808                UART_Debug_PutArray
 .text.I2C_Master_Init
                0x00000830       0x68 .\CortexM3\ARM_GCC_541\Debug\AY1920_II_HW_05_PROJ_3.a(I2C_Master.o)
                0x00000830                I2C_Master_Init
 .text.I2C_Master_Enable
                0x00000898       0x24 .\CortexM3\ARM_GCC_541\Debug\AY1920_II_HW_05_PROJ_3.a(I2C_Master.o)
                0x00000898                I2C_Master_Enable
 .text.I2C_Master_Start
                0x000008bc       0x28 .\CortexM3\ARM_GCC_541\Debug\AY1920_II_HW_05_PROJ_3.a(I2C_Master.o)
                0x000008bc                I2C_Master_Start
 .text.I2C_Master_ISR
                0x000008e4      0x2d0 .\CortexM3\ARM_GCC_541\Debug\AY1920_II_HW_05_PROJ_3.a(I2C_Master_INT.o)
                0x000008e4                I2C_Master_ISR
 .text.I2C_Master_MasterSendStart
                0x00000bb4       0x80 .\CortexM3\ARM_GCC_541\Debug\AY1920_II_HW_05_PROJ_3.a(I2C_Master_MASTER.o)
                0x00000bb4                I2C_Master_MasterSendStart
 .text.I2C_Master_MasterSendRestart
                0x00000c34       0x6c .\CortexM3\ARM_GCC_541\Debug\AY1920_II_HW_05_PROJ_3.a(I2C_Master_MASTER.o)
                0x00000c34                I2C_Master_MasterSendRestart
 .text.I2C_Master_MasterSendStop
                0x00000ca0       0x38 .\CortexM3\ARM_GCC_541\Debug\AY1920_II_HW_05_PROJ_3.a(I2C_Master_MASTER.o)
                0x00000ca0                I2C_Master_MasterSendStop
 .text.I2C_Master_MasterWriteByte
                0x00000cd8       0x58 .\CortexM3\ARM_GCC_541\Debug\AY1920_II_HW_05_PROJ_3.a(I2C_Master_MASTER.o)
                0x00000cd8                I2C_Master_MasterWriteByte
 .text.I2C_Master_MasterReadByte
                0x00000d30       0x58 .\CortexM3\ARM_GCC_541\Debug\AY1920_II_HW_05_PROJ_3.a(I2C_Master_MASTER.o)
                0x00000d30                I2C_Master_MasterReadByte
 .text.UART_Debug_IntClock_Start
                0x00000d88       0x1c .\CortexM3\ARM_GCC_541\Debug\AY1920_II_HW_05_PROJ_3.a(UART_Debug_IntClock.o)
                0x00000d88                UART_Debug_IntClock_Start
 .text.CyHalt   0x00000da4        0x4 .\CortexM3\ARM_GCC_541\Debug\AY1920_II_HW_05_PROJ_3.a(CyLib.o)
                0x00000da4                CyHalt
 .text.CyDelay  0x00000da8       0x2c .\CortexM3\ARM_GCC_541\Debug\AY1920_II_HW_05_PROJ_3.a(CyLib.o)
                0x00000da8                CyDelay
 .text.CyIntSetVector
                0x00000dd4       0x28 .\CortexM3\ARM_GCC_541\Debug\AY1920_II_HW_05_PROJ_3.a(CyLib.o)
                0x00000dd4                CyIntSetVector
 .text.CyIntSetPriority
                0x00000dfc       0x30 .\CortexM3\ARM_GCC_541\Debug\AY1920_II_HW_05_PROJ_3.a(CyLib.o)
                0x00000dfc                CyIntSetPriority
 .text.Timer_Enable
                0x00000e2c       0x28 .\CortexM3\ARM_GCC_541\Debug\AY1920_II_HW_05_PROJ_3.a(Timer.o)
                0x00000e2c                Timer_Enable
 .text.Timer_SetInterruptMode
                0x00000e54        0xc .\CortexM3\ARM_GCC_541\Debug\AY1920_II_HW_05_PROJ_3.a(Timer.o)
                0x00000e54                Timer_SetInterruptMode
 .text.Timer_WritePeriod
                0x00000e60        0xc .\CortexM3\ARM_GCC_541\Debug\AY1920_II_HW_05_PROJ_3.a(Timer.o)
                0x00000e60                Timer_WritePeriod
 .text.Timer_WriteCounter
                0x00000e6c        0xc .\CortexM3\ARM_GCC_541\Debug\AY1920_II_HW_05_PROJ_3.a(Timer.o)
                0x00000e6c                Timer_WriteCounter
 .text.Timer_Init
                0x00000e78       0x68 .\CortexM3\ARM_GCC_541\Debug\AY1920_II_HW_05_PROJ_3.a(Timer.o)
                0x00000e78                Timer_Init
 .text.Timer_Start
                0x00000ee0       0x1c .\CortexM3\ARM_GCC_541\Debug\AY1920_II_HW_05_PROJ_3.a(Timer.o)
                0x00000ee0                Timer_Start
 .text.isr_Send_SetVector
                0x00000efc       0x10 .\CortexM3\ARM_GCC_541\Debug\AY1920_II_HW_05_PROJ_3.a(isr_Send.o)
                0x00000efc                isr_Send_SetVector
 .text.isr_Send_SetPriority
                0x00000f0c       0x10 .\CortexM3\ARM_GCC_541\Debug\AY1920_II_HW_05_PROJ_3.a(isr_Send.o)
                0x00000f0c                isr_Send_SetPriority
 .text.isr_Send_Enable
                0x00000f1c       0x10 .\CortexM3\ARM_GCC_541\Debug\AY1920_II_HW_05_PROJ_3.a(isr_Send.o)
                0x00000f1c                isr_Send_Enable
 .text.isr_Send_Disable
                0x00000f2c       0x10 .\CortexM3\ARM_GCC_541\Debug\AY1920_II_HW_05_PROJ_3.a(isr_Send.o)
                0x00000f2c                isr_Send_Disable
 .text.isr_Send_StartEx
                0x00000f3c       0x1c .\CortexM3\ARM_GCC_541\Debug\AY1920_II_HW_05_PROJ_3.a(isr_Send.o)
                0x00000f3c                isr_Send_StartEx
 .text          0x00000f58       0x20 .\CortexM3\ARM_GCC_541\Debug\AY1920_II_HW_05_PROJ_3.a(CyBootAsmGnu.o)
                0x00000f58                CyDelayCycles
                0x00000f68                CyEnterCriticalSection
                0x00000f70                CyExitCriticalSection
 .text          0x00000f78      0x370 c:/program files (x86)/cypress/psoc creator/4.3/psoc creator/import/gnu/arm/5.4.1/bin/../lib/gcc/arm-none-eabi/5.4.1/armv7-m\libgcc.a(_arm_addsubdf3.o)
                0x00000f78                __aeabi_drsub
                0x00000f80                __aeabi_dsub
                0x00000f80                __subdf3
                0x00000f84                __aeabi_dadd
                0x00000f84                __adddf3
                0x000011fc                __floatunsidf
                0x000011fc                __aeabi_ui2d
                0x0000121c                __floatsidf
                0x0000121c                __aeabi_i2d
                0x00001240                __aeabi_f2d
                0x00001240                __extendsfdf2
                0x0000127c                __floatundidf
                0x0000127c                __aeabi_ul2d
                0x0000128c                __floatdidf
                0x0000128c                __aeabi_l2d
 .text          0x000012e8      0x424 c:/program files (x86)/cypress/psoc creator/4.3/psoc creator/import/gnu/arm/5.4.1/bin/../lib/gcc/arm-none-eabi/5.4.1/armv7-m\libgcc.a(_arm_muldivdf3.o)
                0x000012e8                __aeabi_dmul
                0x000012e8                __muldf3
                0x0000153c                __divdf3
                0x0000153c                __aeabi_ddiv
 .text          0x0000170c       0x50 c:/program files (x86)/cypress/psoc creator/4.3/psoc creator/import/gnu/arm/5.4.1/bin/../lib/gcc/arm-none-eabi/5.4.1/armv7-m\libgcc.a(_arm_fixdfsi.o)
                0x0000170c                __aeabi_d2iz
                0x0000170c                __fixdfsi
 .text          0x0000175c      0x21c c:/program files (x86)/cypress/psoc creator/4.3/psoc creator/import/gnu/arm/5.4.1/bin/../lib/gcc/arm-none-eabi/5.4.1/armv7-m\libgcc.a(_arm_addsubsf3.o)
                0x0000175c                __aeabi_frsub
                0x00001764                __subsf3
                0x00001764                __aeabi_fsub
                0x00001768                __aeabi_fadd
                0x00001768                __addsf3
                0x000018c8                __aeabi_ui2f
                0x000018c8                __floatunsisf
                0x000018d0                __aeabi_i2f
                0x000018d0                __floatsisf
                0x000018ec                __aeabi_ul2f
                0x000018ec                __floatundisf
                0x000018fc                __aeabi_l2f
                0x000018fc                __floatdisf
 .text.__errno  0x00001978        0xc c:/program files (x86)/cypress/psoc creator/4.3/psoc creator/import/gnu/arm/5.4.1/bin/../lib/gcc/arm-none-eabi/5.4.1/../../../../arm-none-eabi/lib/armv7-m\libg_nano.a(lib_a-errno.o)
                0x00001978                __errno
 .text.__libc_init_array
                0x00001984       0x4c c:/program files (x86)/cypress/psoc creator/4.3/psoc creator/import/gnu/arm/5.4.1/bin/../lib/gcc/arm-none-eabi/5.4.1/../../../../arm-none-eabi/lib/armv7-m\libg_nano.a(lib_a-init.o)
                0x00001984                __libc_init_array
 .text.memcpy   0x000019d0       0x16 c:/program files (x86)/cypress/psoc creator/4.3/psoc creator/import/gnu/arm/5.4.1/bin/../lib/gcc/arm-none-eabi/5.4.1/../../../../arm-none-eabi/lib/armv7-m\libg_nano.a(lib_a-memcpy-stub.o)
                0x000019d0                memcpy
 .text.memset   0x000019e6       0x10 c:/program files (x86)/cypress/psoc creator/4.3/psoc creator/import/gnu/arm/5.4.1/bin/../lib/gcc/arm-none-eabi/5.4.1/../../../../arm-none-eabi/lib/armv7-m\libg_nano.a(lib_a-memset.o)
                0x000019e6                memset
 *fill*         0x000019f6        0x2 
 .text.sprintf  0x000019f8       0x48 c:/program files (x86)/cypress/psoc creator/4.3/psoc creator/import/gnu/arm/5.4.1/bin/../lib/gcc/arm-none-eabi/5.4.1/../../../../arm-none-eabi/lib/armv7-m\libg_nano.a(lib_a-sprintf.o)
                0x000019f8                siprintf
                0x000019f8                sprintf
 .text.__ssputs_r
                0x00001a40       0xb2 c:/program files (x86)/cypress/psoc creator/4.3/psoc creator/import/gnu/arm/5.4.1/bin/../lib/gcc/arm-none-eabi/5.4.1/../../../../arm-none-eabi/lib/armv7-m\libg_nano.a(lib_a-nano-svfprintf.o)
                0x00001a40                __ssputs_r
 *fill*         0x00001af2        0x2 
 .text._svfprintf_r
                0x00001af4      0x1e8 c:/program files (x86)/cypress/psoc creator/4.3/psoc creator/import/gnu/arm/5.4.1/bin/../lib/gcc/arm-none-eabi/5.4.1/../../../../arm-none-eabi/lib/armv7-m\libg_nano.a(lib_a-nano-svfprintf.o)
                0x00001af4                _svfiprintf_r
                0x00001af4                _svfprintf_r
 .text._printf_common
                0x00001cdc       0xec c:/program files (x86)/cypress/psoc creator/4.3/psoc creator/import/gnu/arm/5.4.1/bin/../lib/gcc/arm-none-eabi/5.4.1/../../../../arm-none-eabi/lib/armv7-m\libg_nano.a(lib_a-nano-vfprintf_i.o)
                0x00001cdc                _printf_common
 .text._printf_i
                0x00001dc8      0x24c c:/program files (x86)/cypress/psoc creator/4.3/psoc creator/import/gnu/arm/5.4.1/bin/../lib/gcc/arm-none-eabi/5.4.1/../../../../arm-none-eabi/lib/armv7-m\libg_nano.a(lib_a-nano-vfprintf_i.o)
                0x00001dc8                _printf_i
 .text.memchr   0x00002014       0x1c c:/program files (x86)/cypress/psoc creator/4.3/psoc creator/import/gnu/arm/5.4.1/bin/../lib/gcc/arm-none-eabi/5.4.1/../../../../arm-none-eabi/lib/armv7-m\libg_nano.a(lib_a-memchr-stub.o)
                0x00002014                memchr
 .text.memmove  0x00002030       0x36 c:/program files (x86)/cypress/psoc creator/4.3/psoc creator/import/gnu/arm/5.4.1/bin/../lib/gcc/arm-none-eabi/5.4.1/../../../../arm-none-eabi/lib/armv7-m\libg_nano.a(lib_a-memmove.o)
                0x00002030                memmove
 *fill*         0x00002066        0x2 
 .text._free_r  0x00002068       0x98 c:/program files (x86)/cypress/psoc creator/4.3/psoc creator/import/gnu/arm/5.4.1/bin/../lib/gcc/arm-none-eabi/5.4.1/../../../../arm-none-eabi/lib/armv7-m\libg_nano.a(lib_a-nano-freer.o)
                0x00002068                _free_r
 .text._malloc_r
                0x00002100       0xbc c:/program files (x86)/cypress/psoc creator/4.3/psoc creator/import/gnu/arm/5.4.1/bin/../lib/gcc/arm-none-eabi/5.4.1/../../../../arm-none-eabi/lib/armv7-m\libg_nano.a(lib_a-nano-mallocr.o)
                0x00002100                _malloc_r
 .text._realloc_r
                0x000021bc       0x4c c:/program files (x86)/cypress/psoc creator/4.3/psoc creator/import/gnu/arm/5.4.1/bin/../lib/gcc/arm-none-eabi/5.4.1/../../../../arm-none-eabi/lib/armv7-m\libg_nano.a(lib_a-nano-reallocr.o)
                0x000021bc                _realloc_r
 .text._sbrk_r  0x00002208       0x20 c:/program files (x86)/cypress/psoc creator/4.3/psoc creator/import/gnu/arm/5.4.1/bin/../lib/gcc/arm-none-eabi/5.4.1/../../../../arm-none-eabi/lib/armv7-m\libg_nano.a(lib_a-sbrkr.o)
                0x00002208                _sbrk_r
 .text.__malloc_lock
                0x00002228        0x2 c:/program files (x86)/cypress/psoc creator/4.3/psoc creator/import/gnu/arm/5.4.1/bin/../lib/gcc/arm-none-eabi/5.4.1/../../../../arm-none-eabi/lib/armv7-m\libg_nano.a(lib_a-mlock.o)
                0x00002228                __malloc_lock
 .text.__malloc_unlock
                0x0000222a        0x2 c:/program files (x86)/cypress/psoc creator/4.3/psoc creator/import/gnu/arm/5.4.1/bin/../lib/gcc/arm-none-eabi/5.4.1/../../../../arm-none-eabi/lib/armv7-m\libg_nano.a(lib_a-mlock.o)
                0x0000222a                __malloc_unlock
 .text._malloc_usable_size_r
                0x0000222c       0x14 c:/program files (x86)/cypress/psoc creator/4.3/psoc creator/import/gnu/arm/5.4.1/bin/../lib/gcc/arm-none-eabi/5.4.1/../../../../arm-none-eabi/lib/armv7-m\libg_nano.a(lib_a-nano-msizer.o)
                0x0000222c                _malloc_usable_size_r
 *(.plt)
 *(.gnu.warning)
 *(.glue_7t)
 .glue_7t       0x00002240        0x0 linker stubs
 *(.glue_7)
 .glue_7        0x00002240        0x0 linker stubs
 *(.vfp11_veneer)
 .vfp11_veneer  0x00002240        0x0 linker stubs
 *(.bootloader)
 *(.ARM.extab* .gnu.linkonce.armextab.*)
 *(.gcc_except_table)

.v4_bx          0x00002240        0x0
 .v4_bx         0x00002240        0x0 linker stubs

.iplt           0x00002240        0x0
 .iplt          0x00002240        0x0 c:/program files (x86)/cypress/psoc creator/4.3/psoc creator/import/gnu/arm/5.4.1/bin/../lib/gcc/arm-none-eabi/5.4.1/armv7-m/crtbegin.o

.eh_frame_hdr
 *(.eh_frame_hdr)

.eh_frame       0x00002240        0x4
 *(.eh_frame)
 .eh_frame      0x00002240        0x0 c:/program files (x86)/cypress/psoc creator/4.3/psoc creator/import/gnu/arm/5.4.1/bin/../lib/gcc/arm-none-eabi/5.4.1/armv7-m/crtbegin.o
 .eh_frame      0x00002240        0x4 c:/program files (x86)/cypress/psoc creator/4.3/psoc creator/import/gnu/arm/5.4.1/bin/../lib/gcc/arm-none-eabi/5.4.1/armv7-m/crtend.o
                [!provide]                PROVIDE (__exidx_start, .)

.ARM.exidx
 *(.ARM.exidx* .gnu.linkonce.armexidx.*)
                0x00002244                __exidx_end = .

.rodata         0x00002244      0x37c
 *(.rodata .rodata.* .gnu.linkonce.r.*)
 .rodata.str1.4
                0x00002244      0x2b4 .\CortexM3\ARM_GCC_541\Debug\main.o
                                0x2b3 (size before relaxing)
 .rodata        0x000024f8       0x58 .\CortexM3\ARM_GCC_541\Debug\cyfitter_cfg.o
 .rodata.str1.1
                0x00002550        0x2 c:/program files (x86)/cypress/psoc creator/4.3/psoc creator/import/gnu/arm/5.4.1/bin/../lib/gcc/arm-none-eabi/5.4.1/../../../../arm-none-eabi/lib/armv7-m\libg_nano.a(lib_a-impure.o)
 .rodata.str1.1
                0x00002552       0x11 c:/program files (x86)/cypress/psoc creator/4.3/psoc creator/import/gnu/arm/5.4.1/bin/../lib/gcc/arm-none-eabi/5.4.1/../../../../arm-none-eabi/lib/armv7-m\libg_nano.a(lib_a-nano-svfprintf.o)
 .rodata.str1.1
                0x00002563       0x22 c:/program files (x86)/cypress/psoc creator/4.3/psoc creator/import/gnu/arm/5.4.1/bin/../lib/gcc/arm-none-eabi/5.4.1/../../../../arm-none-eabi/lib/armv7-m\libg_nano.a(lib_a-nano-vfprintf_i.o)
                0x00002588                . = ALIGN (0x4)
 *fill*         0x00002585        0x3 
 *(.init)
 .init          0x00002588        0x4 c:/program files (x86)/cypress/psoc creator/4.3/psoc creator/import/gnu/arm/5.4.1/bin/../lib/gcc/arm-none-eabi/5.4.1/armv7-m/crti.o
                0x00002588                _init
 .init          0x0000258c        0x8 c:/program files (x86)/cypress/psoc creator/4.3/psoc creator/import/gnu/arm/5.4.1/bin/../lib/gcc/arm-none-eabi/5.4.1/armv7-m/crtn.o
                0x00002594                . = ALIGN (0x4)
                0x00002594                __preinit_array_start = .
 *(.preinit_array)
                0x00002594                __preinit_array_end = .
                0x00002594                . = ALIGN (0x4)
                0x00002594                __init_array_start = .
 *(SORT(.init_array.*))
 *(.init_array)
 .init_array    0x00002594        0x4 c:/program files (x86)/cypress/psoc creator/4.3/psoc creator/import/gnu/arm/5.4.1/bin/../lib/gcc/arm-none-eabi/5.4.1/armv7-m/crtbegin.o
 .init_array    0x00002598        0x4 .\CortexM3\ARM_GCC_541\Debug\Cm3Start.o
                0x0000259c                __init_array_end = .
                0x0000259c                . = ALIGN (0x4)
 *(.fini)
 .fini          0x0000259c        0x4 c:/program files (x86)/cypress/psoc creator/4.3/psoc creator/import/gnu/arm/5.4.1/bin/../lib/gcc/arm-none-eabi/5.4.1/armv7-m/crti.o
                0x0000259c                _fini
 .fini          0x000025a0        0x8 c:/program files (x86)/cypress/psoc creator/4.3/psoc creator/import/gnu/arm/5.4.1/bin/../lib/gcc/arm-none-eabi/5.4.1/armv7-m/crtn.o
                0x000025a8                . = ALIGN (0x4)
                0x000025a8                __fini_array_start = .
 *(.fini_array)
 .fini_array    0x000025a8        0x4 c:/program files (x86)/cypress/psoc creator/4.3/psoc creator/import/gnu/arm/5.4.1/bin/../lib/gcc/arm-none-eabi/5.4.1/armv7-m/crtbegin.o
 *(SORT(.fini_array.*))
                0x000025ac                __fini_array_end = .
                0x000025ac                . = ALIGN (0x4)
 *crtbegin.o(.ctors)
 *(EXCLUDE_FILE(*crtend.o) .ctors)
 *(SORT(.ctors.*))
 *crtend.o(.ctors)
                0x000025ac                . = ALIGN (0x4)
 *crtbegin.o(.dtors)
 *(EXCLUDE_FILE(*crtend.o) .dtors)
 *(SORT(.dtors.*))
 *crtend.o(.dtors)
                0x000025ac                . = ALIGN (0x4)
                0x000025ac                __cy_regions = .
                0x000025ac        0x4 LONG 0x25c0 __cy_region_init_ram
                0x000025b0        0x4 LONG 0x1fff80c8 __cy_region_start_data
                0x000025b4        0x4 LONG 0x80 __cy_region_init_size_ram
                0x000025b8        0x4 LONG 0x68 __cy_region_zero_size_ram
                0x000025bc                __cy_regions_end = .
                0x000025c0                . = ALIGN (0x8)
 *fill*         0x000025bc        0x4 
                0x000025c0                _etext = .

.cy_checksum_exclude
                0x000025c0        0x0
 *(.cy_checksum_exclude)

.ramvectors     0x1fff8000       0xc0
                0x1fff8000                __cy_region_start_ram = .
 *(.ramvectors)
 .ramvectors    0x1fff8000       0xc0 .\CortexM3\ARM_GCC_541\Debug\Cm3Start.o
                0x1fff8000                CyRamVectors

.noinit         0x1fff80c0        0x1
 *(.noinit)
 .noinit        0x1fff80c0        0x1 .\CortexM3\ARM_GCC_541\Debug\AY1920_II_HW_05_PROJ_3.a(CyLib.o)
                0x1fff80c0                CyResetStatus

.data           0x1fff80c8       0x80 load address 0x000025c0
                0x1fff80c8                __cy_region_start_data = .
 *(.jcr)
 .jcr           0x1fff80c8        0x0 c:/program files (x86)/cypress/psoc creator/4.3/psoc creator/import/gnu/arm/5.4.1/bin/../lib/gcc/arm-none-eabi/5.4.1/armv7-m/crtbegin.o
 .jcr           0x1fff80c8        0x4 c:/program files (x86)/cypress/psoc creator/4.3/psoc creator/import/gnu/arm/5.4.1/bin/../lib/gcc/arm-none-eabi/5.4.1/armv7-m/crtend.o
 *(.got.plt)
 *(.got)
 *(.shdata)
 *(.data .data.* .gnu.linkonce.d.*)
 .data          0x1fff80cc        0x2 .\CortexM3\ARM_GCC_541\Debug\InterruptRoutines.o
                0x1fff80cc                header
                0x1fff80cd                footer
 *fill*         0x1fff80ce        0x2 
 .data          0x1fff80d0        0x4 .\CortexM3\ARM_GCC_541\Debug\Cm3Start.o
 .data          0x1fff80d4       0x10 .\CortexM3\ARM_GCC_541\Debug\AY1920_II_HW_05_PROJ_3.a(CyLib.o)
                0x1fff80d4                cydelay_32k_ms
                0x1fff80d8                cydelay_freq_khz
                0x1fff80dc                cydelay_freq_mhz
                0x1fff80e0                cydelay_freq_hz
 .data.impure_data
                0x1fff80e4       0x60 c:/program files (x86)/cypress/psoc creator/4.3/psoc creator/import/gnu/arm/5.4.1/bin/../lib/gcc/arm-none-eabi/5.4.1/../../../../arm-none-eabi/lib/armv7-m\libg_nano.a(lib_a-impure.o)
 .data._impure_ptr
                0x1fff8144        0x4 c:/program files (x86)/cypress/psoc creator/4.3/psoc creator/import/gnu/arm/5.4.1/bin/../lib/gcc/arm-none-eabi/5.4.1/../../../../arm-none-eabi/lib/armv7-m\libg_nano.a(lib_a-impure.o)
                0x1fff8144                _impure_ptr
                0x1fff8148                . = ALIGN (0x8)
 *(.ram)
                0x1fff8148                _edata = .

.igot.plt       0x1fff8148        0x0 load address 0x00002640
 .igot.plt      0x1fff8148        0x0 c:/program files (x86)/cypress/psoc creator/4.3/psoc creator/import/gnu/arm/5.4.1/bin/../lib/gcc/arm-none-eabi/5.4.1/armv7-m/crtbegin.o

.bss            0x1fff8148       0x68 load address 0x00002640
                0x1fff8148                PROVIDE (__bss_start__, .)
 *(.shbss)
 *(.bss .bss.* .gnu.linkonce.b.*)
 .bss           0x1fff8148       0x1c c:/program files (x86)/cypress/psoc creator/4.3/psoc creator/import/gnu/arm/5.4.1/bin/../lib/gcc/arm-none-eabi/5.4.1/armv7-m/crtbegin.o
 .bss           0x1fff8164        0x4 .\CortexM3\ARM_GCC_541\Debug\InterruptRoutines.o
                0x1fff8164                i
 .bss           0x1fff8168        0x2 .\CortexM3\ARM_GCC_541\Debug\AY1920_II_HW_05_PROJ_3.a(UART_Debug.o)
                0x1fff8168                UART_Debug_initVar
 .bss           0x1fff816a        0x1 .\CortexM3\ARM_GCC_541\Debug\AY1920_II_HW_05_PROJ_3.a(I2C_Master.o)
                0x1fff816a                I2C_Master_initVar
 .bss           0x1fff816b        0x1 .\CortexM3\ARM_GCC_541\Debug\AY1920_II_HW_05_PROJ_3.a(Timer.o)
                0x1fff816b                Timer_initVar
 .bss.__malloc_sbrk_start
                0x1fff816c        0x4 c:/program files (x86)/cypress/psoc creator/4.3/psoc creator/import/gnu/arm/5.4.1/bin/../lib/gcc/arm-none-eabi/5.4.1/../../../../arm-none-eabi/lib/armv7-m\libg_nano.a(lib_a-nano-mallocr.o)
                0x1fff816c                __malloc_sbrk_start
 .bss.__malloc_free_list
                0x1fff8170        0x4 c:/program files (x86)/cypress/psoc creator/4.3/psoc creator/import/gnu/arm/5.4.1/bin/../lib/gcc/arm-none-eabi/5.4.1/../../../../arm-none-eabi/lib/armv7-m\libg_nano.a(lib_a-nano-mallocr.o)
                0x1fff8170                __malloc_free_list
 *(COMMON)
 COMMON         0x1fff8174        0xe .\CortexM3\ARM_GCC_541\Debug\main.o
                0x1fff8174                OutArray
 *fill*         0x1fff8182        0x2 
 COMMON         0x1fff8184       0x12 .\CortexM3\ARM_GCC_541\Debug\InterruptRoutines.o
                0x1fff8184                Out_mms2
                0x1fff8188                xyz_positioning
                0x1fff8194                Out_ms2
 COMMON         0x1fff8196        0x1 .\CortexM3\ARM_GCC_541\Debug\AY1920_II_HW_05_PROJ_3.a(I2C_Master.o)
                0x1fff8196                I2C_Master_state
 *fill*         0x1fff8197        0x1 
 COMMON         0x1fff8198        0xf .\CortexM3\ARM_GCC_541\Debug\AY1920_II_HW_05_PROJ_3.a(I2C_Master_MASTER.o)
                0x1fff8198                I2C_Master_mstrRdBufIndex
                0x1fff8199                I2C_Master_mstrWrBufIndex
                0x1fff819a                I2C_Master_mstrWrBufSize
                0x1fff819c                I2C_Master_mstrWrBufPtr
                0x1fff81a0                I2C_Master_mstrRdBufPtr
                0x1fff81a4                I2C_Master_mstrControl
                0x1fff81a5                I2C_Master_mstrStatus
                0x1fff81a6                I2C_Master_mstrRdBufSize
 *fill*         0x1fff81a7        0x1 
 COMMON         0x1fff81a8        0x4 c:/program files (x86)/cypress/psoc creator/4.3/psoc creator/import/gnu/arm/5.4.1/bin/../lib/gcc/arm-none-eabi/5.4.1/../../../../arm-none-eabi/lib/armv7-m\libg_nano.a(lib_a-reent.o)
                0x1fff81a8                errno
                0x1fff81b0                . = ALIGN (0x8)
 *fill*         0x1fff81ac        0x4 
 *(.ram.b)
                0x1fff81b0                _end = .
                0x1fff81b0                __end = .
                0x1fff81b0                PROVIDE (end, .)
                0x1fff81b0                PROVIDE (__bss_end__, .)
                0x000025c0                __cy_region_init_ram = LOADADDR (.data)
                0x00000080                __cy_region_init_size_ram = (_edata - ADDR (.data))
                0x00000068                __cy_region_zero_size_ram = (_end - _edata)

.heap           0x1fff81b0       0x80 load address 0x00002640
                0x1fff81b0                . = _end
                0x1fff8230                . = (. + 0x80)
 *fill*         0x1fff81b0       0x80 
                0x1fff8230                __cy_heap_limit = .

.stack          0x20007800      0x800
                0x20007800                __cy_stack_limit = .
                0x20008000                . = (. + 0x800)
 *fill*         0x20007800      0x800 
                0x00000001                ASSERT ((__cy_stack_limit >= __cy_heap_limit), region RAM overflowed with stack)
                0x00000000                cy_checksum_exclude_size = (CY_APPL_LOADABLE == 0x1)?SIZEOF (.cy_checksum_exclude):0x0
                0x00000001                ASSERT ((cy_checksum_exclude_size <= CY_CHECKSUM_EXCLUDE_SIZE), CY_BOOT: Section .cy_checksum_exclude size exceedes specified limit.)

.cyloadermeta
 *(.cyloadermeta)

.cyloadablemeta
 *(.cyloadablemeta)

.cyconfigecc    0x80000000      0x360
 *(.cyconfigecc)
 .cyconfigecc   0x80000000      0x360 .\CortexM3\ARM_GCC_541\Debug\cymetadata.o
                0x80000000                cy_meta_configecc

.cycustnvl      0x90000000        0x4
 *(.cycustnvl)
 .cycustnvl     0x90000000        0x4 .\CortexM3\ARM_GCC_541\Debug\cymetadata.o
                0x90000000                cy_meta_custnvl

.cywolatch      0x90100000        0x4
 *(.cywolatch)
 .cywolatch     0x90100000        0x4 .\CortexM3\ARM_GCC_541\Debug\cymetadata.o
                0x90100000                cy_meta_wonvl

.cyeeprom       0x90200000        0x0
 *(.cyeeprom)
                0x00000001                ASSERT ((. <= ((0x90200000 + ee_offset) + ee_size)), .cyeeprom data will not fit in EEPROM)

.cyflashprotect
                0x90400000      0x100
 *(.cyflashprotect)
 .cyflashprotect
                0x90400000      0x100 .\CortexM3\ARM_GCC_541\Debug\cymetadata.o
                0x90400000                cy_meta_flashprotect

.cymeta         0x90500000        0xc
 *(.cymeta)
 .cymeta        0x90500000        0xc .\CortexM3\ARM_GCC_541\Debug\cymetadata.o
                0x90500000                cy_metadata

.rel.dyn        0x00002640        0x0 load address 0x9050000c
 .rel.iplt      0x00002640        0x0 c:/program files (x86)/cypress/psoc creator/4.3/psoc creator/import/gnu/arm/5.4.1/bin/../lib/gcc/arm-none-eabi/5.4.1/armv7-m/crtbegin.o

.stab
 *(.stab)

.stabstr
 *(.stabstr)

.debug
 *(.debug)

.line
 *(.line)

.debug_srcinfo
 *(.debug_srcinfo)

.debug_sfnames
 *(.debug_sfnames)

.debug_aranges  0x00000000      0x920
 *(.debug_aranges)
 .debug_aranges
                0x00000000       0x20 .\CortexM3\ARM_GCC_541\Debug\main.o
 .debug_aranges
                0x00000020       0x50 .\CortexM3\ARM_GCC_541\Debug\I2C_Interface.o
 .debug_aranges
                0x00000070       0x20 .\CortexM3\ARM_GCC_541\Debug\InterruptRoutines.o
 .debug_aranges
                0x00000090       0x58 .\CortexM3\ARM_GCC_541\Debug\cyfitter_cfg.o
 .debug_aranges
                0x000000e8       0x18 .\CortexM3\ARM_GCC_541\Debug\cymetadata.o
 .debug_aranges
                0x00000100       0x48 .\CortexM3\ARM_GCC_541\Debug\Cm3Start.o
 .debug_aranges
                0x00000148       0xf0 .\CortexM3\ARM_GCC_541\Debug\AY1920_II_HW_05_PROJ_3.a(UART_Debug.o)
 .debug_aranges
                0x00000238       0x38 .\CortexM3\ARM_GCC_541\Debug\AY1920_II_HW_05_PROJ_3.a(I2C_Master.o)
 .debug_aranges
                0x00000270       0x20 .\CortexM3\ARM_GCC_541\Debug\AY1920_II_HW_05_PROJ_3.a(I2C_Master_INT.o)
 .debug_aranges
                0x00000290       0x38 .\CortexM3\ARM_GCC_541\Debug\AY1920_II_HW_05_PROJ_3.a(I2C_Master_PM.o)
 .debug_aranges
                0x000002c8       0x80 .\CortexM3\ARM_GCC_541\Debug\AY1920_II_HW_05_PROJ_3.a(I2C_Master_MASTER.o)
 .debug_aranges
                0x00000348       0x70 .\CortexM3\ARM_GCC_541\Debug\AY1920_II_HW_05_PROJ_3.a(UART_Debug_IntClock.o)
 .debug_aranges
                0x000003b8      0x2a0 .\CortexM3\ARM_GCC_541\Debug\AY1920_II_HW_05_PROJ_3.a(CyLib.o)
 .debug_aranges
                0x00000658       0x98 .\CortexM3\ARM_GCC_541\Debug\AY1920_II_HW_05_PROJ_3.a(cyPm.o)
 .debug_aranges
                0x000006f0       0x88 .\CortexM3\ARM_GCC_541\Debug\AY1920_II_HW_05_PROJ_3.a(Timer.o)
 .debug_aranges
                0x00000778       0x80 .\CortexM3\ARM_GCC_541\Debug\AY1920_II_HW_05_PROJ_3.a(isr_Send.o)
 .debug_aranges
                0x000007f8       0x20 .\CortexM3\ARM_GCC_541\Debug\AY1920_II_HW_05_PROJ_3.a(CyBootAsmGnu.o)
 .debug_aranges
                0x00000818       0x88 .\CortexM3\ARM_GCC_541\Debug\AY1920_II_HW_05_PROJ_3.a(CyFlash.o)
 .debug_aranges
                0x000008a0       0x80 .\CortexM3\ARM_GCC_541\Debug\AY1920_II_HW_05_PROJ_3.a(CySpc.o)

.debug_pubnames
 *(.debug_pubnames)

.debug_info     0x00000000     0x5936
 *(.debug_info .gnu.linkonce.wi.*)
 .debug_info    0x00000000      0x59d .\CortexM3\ARM_GCC_541\Debug\main.o
 .debug_info    0x0000059d      0x4c6 .\CortexM3\ARM_GCC_541\Debug\I2C_Interface.o
 .debug_info    0x00000a63      0x265 .\CortexM3\ARM_GCC_541\Debug\InterruptRoutines.o
 .debug_info    0x00000cc8      0x583 .\CortexM3\ARM_GCC_541\Debug\cyfitter_cfg.o
 .debug_info    0x0000124b      0x135 .\CortexM3\ARM_GCC_541\Debug\cymetadata.o
 .debug_info    0x00001380      0x3bb .\CortexM3\ARM_GCC_541\Debug\Cm3Start.o
 .debug_info    0x0000173b      0x60c .\CortexM3\ARM_GCC_541\Debug\AY1920_II_HW_05_PROJ_3.a(UART_Debug.o)
 .debug_info    0x00001d47      0x2ad .\CortexM3\ARM_GCC_541\Debug\AY1920_II_HW_05_PROJ_3.a(I2C_Master.o)
 .debug_info    0x00001ff4      0x184 .\CortexM3\ARM_GCC_541\Debug\AY1920_II_HW_05_PROJ_3.a(I2C_Master_INT.o)
 .debug_info    0x00002178      0x207 .\CortexM3\ARM_GCC_541\Debug\AY1920_II_HW_05_PROJ_3.a(I2C_Master_PM.o)
 .debug_info    0x0000237f      0x407 .\CortexM3\ARM_GCC_541\Debug\AY1920_II_HW_05_PROJ_3.a(I2C_Master_MASTER.o)
 .debug_info    0x00002786      0x283 .\CortexM3\ARM_GCC_541\Debug\AY1920_II_HW_05_PROJ_3.a(UART_Debug_IntClock.o)
 .debug_info    0x00002a09     0x1374 .\CortexM3\ARM_GCC_541\Debug\AY1920_II_HW_05_PROJ_3.a(CyLib.o)
 .debug_info    0x00003d7d      0xa2a .\CortexM3\ARM_GCC_541\Debug\AY1920_II_HW_05_PROJ_3.a(cyPm.o)
 .debug_info    0x000047a7      0x295 .\CortexM3\ARM_GCC_541\Debug\AY1920_II_HW_05_PROJ_3.a(Timer.o)
 .debug_info    0x00004a3c      0x2d2 .\CortexM3\ARM_GCC_541\Debug\AY1920_II_HW_05_PROJ_3.a(isr_Send.o)
 .debug_info    0x00004d0e       0x8b .\CortexM3\ARM_GCC_541\Debug\AY1920_II_HW_05_PROJ_3.a(CyBootAsmGnu.o)
 .debug_info    0x00004d99      0x64d .\CortexM3\ARM_GCC_541\Debug\AY1920_II_HW_05_PROJ_3.a(CyFlash.o)
 .debug_info    0x000053e6      0x550 .\CortexM3\ARM_GCC_541\Debug\AY1920_II_HW_05_PROJ_3.a(CySpc.o)

.debug_abbrev   0x00000000     0x1809
 *(.debug_abbrev)
 .debug_abbrev  0x00000000      0x121 .\CortexM3\ARM_GCC_541\Debug\main.o
 .debug_abbrev  0x00000121       0xf5 .\CortexM3\ARM_GCC_541\Debug\I2C_Interface.o
 .debug_abbrev  0x00000216      0x115 .\CortexM3\ARM_GCC_541\Debug\InterruptRoutines.o
 .debug_abbrev  0x0000032b      0x20d .\CortexM3\ARM_GCC_541\Debug\cyfitter_cfg.o
 .debug_abbrev  0x00000538       0x66 .\CortexM3\ARM_GCC_541\Debug\cymetadata.o
 .debug_abbrev  0x0000059e      0x1e8 .\CortexM3\ARM_GCC_541\Debug\Cm3Start.o
 .debug_abbrev  0x00000786      0x175 .\CortexM3\ARM_GCC_541\Debug\AY1920_II_HW_05_PROJ_3.a(UART_Debug.o)
 .debug_abbrev  0x000008fb      0x10a .\CortexM3\ARM_GCC_541\Debug\AY1920_II_HW_05_PROJ_3.a(I2C_Master.o)
 .debug_abbrev  0x00000a05       0xb6 .\CortexM3\ARM_GCC_541\Debug\AY1920_II_HW_05_PROJ_3.a(I2C_Master_INT.o)
 .debug_abbrev  0x00000abb       0xfe .\CortexM3\ARM_GCC_541\Debug\AY1920_II_HW_05_PROJ_3.a(I2C_Master_PM.o)
 .debug_abbrev  0x00000bb9      0x13c .\CortexM3\ARM_GCC_541\Debug\AY1920_II_HW_05_PROJ_3.a(I2C_Master_MASTER.o)
 .debug_abbrev  0x00000cf5      0x139 .\CortexM3\ARM_GCC_541\Debug\AY1920_II_HW_05_PROJ_3.a(UART_Debug_IntClock.o)
 .debug_abbrev  0x00000e2e      0x254 .\CortexM3\ARM_GCC_541\Debug\AY1920_II_HW_05_PROJ_3.a(CyLib.o)
 .debug_abbrev  0x00001082      0x1ab .\CortexM3\ARM_GCC_541\Debug\AY1920_II_HW_05_PROJ_3.a(cyPm.o)
 .debug_abbrev  0x0000122d      0x11a .\CortexM3\ARM_GCC_541\Debug\AY1920_II_HW_05_PROJ_3.a(Timer.o)
 .debug_abbrev  0x00001347      0x173 .\CortexM3\ARM_GCC_541\Debug\AY1920_II_HW_05_PROJ_3.a(isr_Send.o)
 .debug_abbrev  0x000014ba       0x14 .\CortexM3\ARM_GCC_541\Debug\AY1920_II_HW_05_PROJ_3.a(CyBootAsmGnu.o)
 .debug_abbrev  0x000014ce      0x1a7 .\CortexM3\ARM_GCC_541\Debug\AY1920_II_HW_05_PROJ_3.a(CyFlash.o)
 .debug_abbrev  0x00001675      0x194 .\CortexM3\ARM_GCC_541\Debug\AY1920_II_HW_05_PROJ_3.a(CySpc.o)

.debug_line     0x00000000     0x27fd
 *(.debug_line)
 .debug_line    0x00000000      0x27c .\CortexM3\ARM_GCC_541\Debug\main.o
 .debug_line    0x0000027c      0x209 .\CortexM3\ARM_GCC_541\Debug\I2C_Interface.o
 .debug_line    0x00000485      0x1fc .\CortexM3\ARM_GCC_541\Debug\InterruptRoutines.o
 .debug_line    0x00000681      0x1f4 .\CortexM3\ARM_GCC_541\Debug\cyfitter_cfg.o
 .debug_line    0x00000875      0x141 .\CortexM3\ARM_GCC_541\Debug\cymetadata.o
 .debug_line    0x000009b6      0x234 .\CortexM3\ARM_GCC_541\Debug\Cm3Start.o
 .debug_line    0x00000bea      0x2c8 .\CortexM3\ARM_GCC_541\Debug\AY1920_II_HW_05_PROJ_3.a(UART_Debug.o)
 .debug_line    0x00000eb2       0xee .\CortexM3\ARM_GCC_541\Debug\AY1920_II_HW_05_PROJ_3.a(I2C_Master.o)
 .debug_line    0x00000fa0      0x122 .\CortexM3\ARM_GCC_541\Debug\AY1920_II_HW_05_PROJ_3.a(I2C_Master_INT.o)
 .debug_line    0x000010c2       0xc9 .\CortexM3\ARM_GCC_541\Debug\AY1920_II_HW_05_PROJ_3.a(I2C_Master_PM.o)
 .debug_line    0x0000118b      0x20b .\CortexM3\ARM_GCC_541\Debug\AY1920_II_HW_05_PROJ_3.a(I2C_Master_MASTER.o)
 .debug_line    0x00001396      0x182 .\CortexM3\ARM_GCC_541\Debug\AY1920_II_HW_05_PROJ_3.a(UART_Debug_IntClock.o)
 .debug_line    0x00001518      0x816 .\CortexM3\ARM_GCC_541\Debug\AY1920_II_HW_05_PROJ_3.a(CyLib.o)
 .debug_line    0x00001d2e      0x367 .\CortexM3\ARM_GCC_541\Debug\AY1920_II_HW_05_PROJ_3.a(cyPm.o)
 .debug_line    0x00002095      0x153 .\CortexM3\ARM_GCC_541\Debug\AY1920_II_HW_05_PROJ_3.a(Timer.o)
 .debug_line    0x000021e8      0x135 .\CortexM3\ARM_GCC_541\Debug\AY1920_II_HW_05_PROJ_3.a(isr_Send.o)
 .debug_line    0x0000231d       0x66 .\CortexM3\ARM_GCC_541\Debug\AY1920_II_HW_05_PROJ_3.a(CyBootAsmGnu.o)
 .debug_line    0x00002383      0x21a .\CortexM3\ARM_GCC_541\Debug\AY1920_II_HW_05_PROJ_3.a(CyFlash.o)
 .debug_line    0x0000259d      0x260 .\CortexM3\ARM_GCC_541\Debug\AY1920_II_HW_05_PROJ_3.a(CySpc.o)

.debug_frame    0x00000000     0x1ac8
 *(.debug_frame)
 .debug_frame   0x00000000       0x2c .\CortexM3\ARM_GCC_541\Debug\main.o
 .debug_frame   0x0000002c       0xfc .\CortexM3\ARM_GCC_541\Debug\I2C_Interface.o
 .debug_frame   0x00000128       0x30 .\CortexM3\ARM_GCC_541\Debug\InterruptRoutines.o
 .debug_frame   0x00000158       0xe4 .\CortexM3\ARM_GCC_541\Debug\cyfitter_cfg.o
 .debug_frame   0x0000023c       0xb8 .\CortexM3\ARM_GCC_541\Debug\Cm3Start.o
 .debug_frame   0x000002f4      0x250 .\CortexM3\ARM_GCC_541\Debug\AY1920_II_HW_05_PROJ_3.a(UART_Debug.o)
 .debug_frame   0x00000544       0x94 .\CortexM3\ARM_GCC_541\Debug\AY1920_II_HW_05_PROJ_3.a(I2C_Master.o)
 .debug_frame   0x000005d8       0x30 .\CortexM3\ARM_GCC_541\Debug\AY1920_II_HW_05_PROJ_3.a(I2C_Master_INT.o)
 .debug_frame   0x00000608       0x74 .\CortexM3\ARM_GCC_541\Debug\AY1920_II_HW_05_PROJ_3.a(I2C_Master_PM.o)
 .debug_frame   0x0000067c      0x138 .\CortexM3\ARM_GCC_541\Debug\AY1920_II_HW_05_PROJ_3.a(I2C_Master_MASTER.o)
 .debug_frame   0x000007b4       0xe0 .\CortexM3\ARM_GCC_541\Debug\AY1920_II_HW_05_PROJ_3.a(UART_Debug_IntClock.o)
 .debug_frame   0x00000894      0x738 .\CortexM3\ARM_GCC_541\Debug\AY1920_II_HW_05_PROJ_3.a(CyLib.o)
 .debug_frame   0x00000fcc      0x1f8 .\CortexM3\ARM_GCC_541\Debug\AY1920_II_HW_05_PROJ_3.a(cyPm.o)
 .debug_frame   0x000011c4      0x108 .\CortexM3\ARM_GCC_541\Debug\AY1920_II_HW_05_PROJ_3.a(Timer.o)
 .debug_frame   0x000012cc      0x104 .\CortexM3\ARM_GCC_541\Debug\AY1920_II_HW_05_PROJ_3.a(isr_Send.o)
 .debug_frame   0x000013d0      0x194 .\CortexM3\ARM_GCC_541\Debug\AY1920_II_HW_05_PROJ_3.a(CyFlash.o)
 .debug_frame   0x00001564      0x180 .\CortexM3\ARM_GCC_541\Debug\AY1920_II_HW_05_PROJ_3.a(CySpc.o)
 .debug_frame   0x000016e4       0x20 c:/program files (x86)/cypress/psoc creator/4.3/psoc creator/import/gnu/arm/5.4.1/bin/../lib/gcc/arm-none-eabi/5.4.1/../../../../arm-none-eabi/lib/armv7-m\libg_nano.a(lib_a-errno.o)
 .debug_frame   0x00001704       0x28 c:/program files (x86)/cypress/psoc creator/4.3/psoc creator/import/gnu/arm/5.4.1/bin/../lib/gcc/arm-none-eabi/5.4.1/../../../../arm-none-eabi/lib/armv7-m\libg_nano.a(lib_a-exit.o)
 .debug_frame   0x0000172c       0x2c c:/program files (x86)/cypress/psoc creator/4.3/psoc creator/import/gnu/arm/5.4.1/bin/../lib/gcc/arm-none-eabi/5.4.1/../../../../arm-none-eabi/lib/armv7-m\libg_nano.a(lib_a-init.o)
 .debug_frame   0x00001758       0x28 c:/program files (x86)/cypress/psoc creator/4.3/psoc creator/import/gnu/arm/5.4.1/bin/../lib/gcc/arm-none-eabi/5.4.1/../../../../arm-none-eabi/lib/armv7-m\libg_nano.a(lib_a-memcpy-stub.o)
 .debug_frame   0x00001780       0x20 c:/program files (x86)/cypress/psoc creator/4.3/psoc creator/import/gnu/arm/5.4.1/bin/../lib/gcc/arm-none-eabi/5.4.1/../../../../arm-none-eabi/lib/armv7-m\libg_nano.a(lib_a-memset.o)
 .debug_frame   0x000017a0       0x70 c:/program files (x86)/cypress/psoc creator/4.3/psoc creator/import/gnu/arm/5.4.1/bin/../lib/gcc/arm-none-eabi/5.4.1/../../../../arm-none-eabi/lib/armv7-m\libg_nano.a(lib_a-sprintf.o)
 .debug_frame   0x00001810       0x90 c:/program files (x86)/cypress/psoc creator/4.3/psoc creator/import/gnu/arm/5.4.1/bin/../lib/gcc/arm-none-eabi/5.4.1/../../../../arm-none-eabi/lib/armv7-m\libg_nano.a(lib_a-nano-svfprintf.o)
 .debug_frame   0x000018a0       0x60 c:/program files (x86)/cypress/psoc creator/4.3/psoc creator/import/gnu/arm/5.4.1/bin/../lib/gcc/arm-none-eabi/5.4.1/../../../../arm-none-eabi/lib/armv7-m\libg_nano.a(lib_a-nano-vfprintf_i.o)
 .debug_frame   0x00001900       0x28 c:/program files (x86)/cypress/psoc creator/4.3/psoc creator/import/gnu/arm/5.4.1/bin/../lib/gcc/arm-none-eabi/5.4.1/../../../../arm-none-eabi/lib/armv7-m\libg_nano.a(lib_a-memchr-stub.o)
 .debug_frame   0x00001928       0x28 c:/program files (x86)/cypress/psoc creator/4.3/psoc creator/import/gnu/arm/5.4.1/bin/../lib/gcc/arm-none-eabi/5.4.1/../../../../arm-none-eabi/lib/armv7-m\libg_nano.a(lib_a-memmove.o)
 .debug_frame   0x00001950       0x38 c:/program files (x86)/cypress/psoc creator/4.3/psoc creator/import/gnu/arm/5.4.1/bin/../lib/gcc/arm-none-eabi/5.4.1/../../../../arm-none-eabi/lib/armv7-m\libg_nano.a(lib_a-nano-freer.o)
 .debug_frame   0x00001988       0x2c c:/program files (x86)/cypress/psoc creator/4.3/psoc creator/import/gnu/arm/5.4.1/bin/../lib/gcc/arm-none-eabi/5.4.1/../../../../arm-none-eabi/lib/armv7-m\libg_nano.a(lib_a-nano-mallocr.o)
 .debug_frame   0x000019b4       0x3c c:/program files (x86)/cypress/psoc creator/4.3/psoc creator/import/gnu/arm/5.4.1/bin/../lib/gcc/arm-none-eabi/5.4.1/../../../../arm-none-eabi/lib/armv7-m\libg_nano.a(lib_a-nano-reallocr.o)
 .debug_frame   0x000019f0       0x2c c:/program files (x86)/cypress/psoc creator/4.3/psoc creator/import/gnu/arm/5.4.1/bin/../lib/gcc/arm-none-eabi/5.4.1/../../../../arm-none-eabi/lib/armv7-m\libg_nano.a(lib_a-sbrkr.o)
 .debug_frame   0x00001a1c       0x30 c:/program files (x86)/cypress/psoc creator/4.3/psoc creator/import/gnu/arm/5.4.1/bin/../lib/gcc/arm-none-eabi/5.4.1/../../../../arm-none-eabi/lib/armv7-m\libg_nano.a(lib_a-mlock.o)
 .debug_frame   0x00001a4c       0x20 c:/program files (x86)/cypress/psoc creator/4.3/psoc creator/import/gnu/arm/5.4.1/bin/../lib/gcc/arm-none-eabi/5.4.1/../../../../arm-none-eabi/lib/armv7-m\libg_nano.a(lib_a-nano-msizer.o)
 .debug_frame   0x00001a6c       0x5c c:/program files (x86)/cypress/psoc creator/4.3/psoc creator/import/gnu/arm/5.4.1/bin/../lib/gcc/arm-none-eabi/5.4.1/../../../../arm-none-eabi/lib/armv7-m\libg_nano.a(lib_a-reent.o)

.debug_str      0x00000000     0x2071
 *(.debug_str)
 .debug_str     0x00000000      0x280 .\CortexM3\ARM_GCC_541\Debug\main.o
                                0x2d6 (size before relaxing)
 .debug_str     0x00000280      0x146 .\CortexM3\ARM_GCC_541\Debug\I2C_Interface.o
                                0x361 (size before relaxing)
 .debug_str     0x000003c6       0x6e .\CortexM3\ARM_GCC_541\Debug\InterruptRoutines.o
                                0x29e (size before relaxing)
 .debug_str     0x00000434      0x1b6 .\CortexM3\ARM_GCC_541\Debug\cyfitter_cfg.o
                                0x33f (size before relaxing)
 .debug_str     0x000005ea       0x75 .\CortexM3\ARM_GCC_541\Debug\cymetadata.o
                                0x1df (size before relaxing)
 .debug_str     0x0000065f      0x144 .\CortexM3\ARM_GCC_541\Debug\Cm3Start.o
                                0x305 (size before relaxing)
 .debug_str     0x000007a3      0x354 .\CortexM3\ARM_GCC_541\Debug\AY1920_II_HW_05_PROJ_3.a(UART_Debug.o)
                                0x52a (size before relaxing)
 .debug_str     0x00000af7      0x13f .\CortexM3\ARM_GCC_541\Debug\AY1920_II_HW_05_PROJ_3.a(I2C_Master.o)
                                0x330 (size before relaxing)
 .debug_str     0x00000c36       0xb7 .\CortexM3\ARM_GCC_541\Debug\AY1920_II_HW_05_PROJ_3.a(I2C_Master_INT.o)
                                0x2a7 (size before relaxing)
 .debug_str     0x00000ced       0x79 .\CortexM3\ARM_GCC_541\Debug\AY1920_II_HW_05_PROJ_3.a(I2C_Master_PM.o)
                                0x2b7 (size before relaxing)
 .debug_str     0x00000d66      0x150 .\CortexM3\ARM_GCC_541\Debug\AY1920_II_HW_05_PROJ_3.a(I2C_Master_MASTER.o)
                                0x440 (size before relaxing)
 .debug_str     0x00000eb6      0x1bf .\CortexM3\ARM_GCC_541\Debug\AY1920_II_HW_05_PROJ_3.a(UART_Debug_IntClock.o)
                                0x379 (size before relaxing)
 .debug_str     0x00001075      0x7eb .\CortexM3\ARM_GCC_541\Debug\AY1920_II_HW_05_PROJ_3.a(CyLib.o)
                                0xa42 (size before relaxing)
 .debug_str     0x00001860      0x365 .\CortexM3\ARM_GCC_541\Debug\AY1920_II_HW_05_PROJ_3.a(cyPm.o)
                                0x72e (size before relaxing)
 .debug_str     0x00001bc5      0x146 .\CortexM3\ARM_GCC_541\Debug\AY1920_II_HW_05_PROJ_3.a(Timer.o)
                                0x2f0 (size before relaxing)
 .debug_str     0x00001d0b       0xff .\CortexM3\ARM_GCC_541\Debug\AY1920_II_HW_05_PROJ_3.a(isr_Send.o)
                                0x2cb (size before relaxing)
 .debug_str     0x00001e0a      0x1bb .\CortexM3\ARM_GCC_541\Debug\AY1920_II_HW_05_PROJ_3.a(CyFlash.o)
                                0x3bb (size before relaxing)
 .debug_str     0x00001fc5       0xac .\CortexM3\ARM_GCC_541\Debug\AY1920_II_HW_05_PROJ_3.a(CySpc.o)
                                0x333 (size before relaxing)

.debug_loc      0x00000000     0x27fe
 *(.debug_loc)
 .debug_loc     0x00000000       0xc1 .\CortexM3\ARM_GCC_541\Debug\main.o
 .debug_loc     0x000000c1      0x328 .\CortexM3\ARM_GCC_541\Debug\I2C_Interface.o
 .debug_loc     0x000003e9       0x1e .\CortexM3\ARM_GCC_541\Debug\InterruptRoutines.o
 .debug_loc     0x00000407      0x289 .\CortexM3\ARM_GCC_541\Debug\cyfitter_cfg.o
 .debug_loc     0x00000690      0x144 .\CortexM3\ARM_GCC_541\Debug\Cm3Start.o
 .debug_loc     0x000007d4      0x258 .\CortexM3\ARM_GCC_541\Debug\AY1920_II_HW_05_PROJ_3.a(UART_Debug.o)
 .debug_loc     0x00000a2c       0x39 .\CortexM3\ARM_GCC_541\Debug\AY1920_II_HW_05_PROJ_3.a(I2C_Master.o)
 .debug_loc     0x00000a65       0x29 .\CortexM3\ARM_GCC_541\Debug\AY1920_II_HW_05_PROJ_3.a(I2C_Master_INT.o)
 .debug_loc     0x00000a8e       0x13 .\CortexM3\ARM_GCC_541\Debug\AY1920_II_HW_05_PROJ_3.a(I2C_Master_PM.o)
 .debug_loc     0x00000aa1      0x52f .\CortexM3\ARM_GCC_541\Debug\AY1920_II_HW_05_PROJ_3.a(I2C_Master_MASTER.o)
 .debug_loc     0x00000fd0      0x12c .\CortexM3\ARM_GCC_541\Debug\AY1920_II_HW_05_PROJ_3.a(UART_Debug_IntClock.o)
 .debug_loc     0x000010fc      0xa11 .\CortexM3\ARM_GCC_541\Debug\AY1920_II_HW_05_PROJ_3.a(CyLib.o)
 .debug_loc     0x00001b0d      0x1e4 .\CortexM3\ARM_GCC_541\Debug\AY1920_II_HW_05_PROJ_3.a(cyPm.o)
 .debug_loc     0x00001cf1       0x56 .\CortexM3\ARM_GCC_541\Debug\AY1920_II_HW_05_PROJ_3.a(isr_Send.o)
 .debug_loc     0x00001d47      0x3b2 .\CortexM3\ARM_GCC_541\Debug\AY1920_II_HW_05_PROJ_3.a(CyFlash.o)
 .debug_loc     0x000020f9      0x705 .\CortexM3\ARM_GCC_541\Debug\AY1920_II_HW_05_PROJ_3.a(CySpc.o)

.debug_macinfo
 *(.debug_macinfo)

.debug_ranges   0x00000000      0x7f0
 *(.debug_ranges)
 .debug_ranges  0x00000000       0x10 .\CortexM3\ARM_GCC_541\Debug\main.o
 .debug_ranges  0x00000010       0x58 .\CortexM3\ARM_GCC_541\Debug\I2C_Interface.o
 .debug_ranges  0x00000068       0x10 .\CortexM3\ARM_GCC_541\Debug\InterruptRoutines.o
 .debug_ranges  0x00000078       0x48 .\CortexM3\ARM_GCC_541\Debug\cyfitter_cfg.o
 .debug_ranges  0x000000c0       0x38 .\CortexM3\ARM_GCC_541\Debug\Cm3Start.o
 .debug_ranges  0x000000f8       0xe0 .\CortexM3\ARM_GCC_541\Debug\AY1920_II_HW_05_PROJ_3.a(UART_Debug.o)
 .debug_ranges  0x000001d8       0x28 .\CortexM3\ARM_GCC_541\Debug\AY1920_II_HW_05_PROJ_3.a(I2C_Master.o)
 .debug_ranges  0x00000200       0x10 .\CortexM3\ARM_GCC_541\Debug\AY1920_II_HW_05_PROJ_3.a(I2C_Master_INT.o)
 .debug_ranges  0x00000210       0x28 .\CortexM3\ARM_GCC_541\Debug\AY1920_II_HW_05_PROJ_3.a(I2C_Master_PM.o)
 .debug_ranges  0x00000238       0x70 .\CortexM3\ARM_GCC_541\Debug\AY1920_II_HW_05_PROJ_3.a(I2C_Master_MASTER.o)
 .debug_ranges  0x000002a8       0x60 .\CortexM3\ARM_GCC_541\Debug\AY1920_II_HW_05_PROJ_3.a(UART_Debug_IntClock.o)
 .debug_ranges  0x00000308      0x290 .\CortexM3\ARM_GCC_541\Debug\AY1920_II_HW_05_PROJ_3.a(CyLib.o)
 .debug_ranges  0x00000598       0x88 .\CortexM3\ARM_GCC_541\Debug\AY1920_II_HW_05_PROJ_3.a(cyPm.o)
 .debug_ranges  0x00000620       0x78 .\CortexM3\ARM_GCC_541\Debug\AY1920_II_HW_05_PROJ_3.a(Timer.o)
 .debug_ranges  0x00000698       0x70 .\CortexM3\ARM_GCC_541\Debug\AY1920_II_HW_05_PROJ_3.a(isr_Send.o)
 .debug_ranges  0x00000708       0x78 .\CortexM3\ARM_GCC_541\Debug\AY1920_II_HW_05_PROJ_3.a(CyFlash.o)
 .debug_ranges  0x00000780       0x70 .\CortexM3\ARM_GCC_541\Debug\AY1920_II_HW_05_PROJ_3.a(CySpc.o)

.comment        0x00000000       0x6e
 .comment       0x00000000       0x6e .\CortexM3\ARM_GCC_541\Debug\main.o
                                 0x6f (size before relaxing)
 .comment       0x0000006e       0x6f .\CortexM3\ARM_GCC_541\Debug\I2C_Interface.o
 .comment       0x0000006e       0x6f .\CortexM3\ARM_GCC_541\Debug\InterruptRoutines.o
 .comment       0x0000006e       0x6f .\CortexM3\ARM_GCC_541\Debug\cyfitter_cfg.o
 .comment       0x0000006e       0x6f .\CortexM3\ARM_GCC_541\Debug\cymetadata.o
 .comment       0x0000006e       0x6f .\CortexM3\ARM_GCC_541\Debug\Cm3Start.o
 .comment       0x0000006e       0x6f .\CortexM3\ARM_GCC_541\Debug\AY1920_II_HW_05_PROJ_3.a(UART_Debug.o)
 .comment       0x0000006e       0x6f .\CortexM3\ARM_GCC_541\Debug\AY1920_II_HW_05_PROJ_3.a(I2C_Master.o)
 .comment       0x0000006e       0x6f .\CortexM3\ARM_GCC_541\Debug\AY1920_II_HW_05_PROJ_3.a(I2C_Master_INT.o)
 .comment       0x0000006e       0x6f .\CortexM3\ARM_GCC_541\Debug\AY1920_II_HW_05_PROJ_3.a(I2C_Master_PM.o)
 .comment       0x0000006e       0x6f .\CortexM3\ARM_GCC_541\Debug\AY1920_II_HW_05_PROJ_3.a(I2C_Master_MASTER.o)
 .comment       0x0000006e       0x6f .\CortexM3\ARM_GCC_541\Debug\AY1920_II_HW_05_PROJ_3.a(UART_Debug_IntClock.o)
 .comment       0x0000006e       0x6f .\CortexM3\ARM_GCC_541\Debug\AY1920_II_HW_05_PROJ_3.a(CyLib.o)
 .comment       0x0000006e       0x6f .\CortexM3\ARM_GCC_541\Debug\AY1920_II_HW_05_PROJ_3.a(cyPm.o)
 .comment       0x0000006e       0x6f .\CortexM3\ARM_GCC_541\Debug\AY1920_II_HW_05_PROJ_3.a(Timer.o)
 .comment       0x0000006e       0x6f .\CortexM3\ARM_GCC_541\Debug\AY1920_II_HW_05_PROJ_3.a(isr_Send.o)
 .comment       0x0000006e       0x6f .\CortexM3\ARM_GCC_541\Debug\AY1920_II_HW_05_PROJ_3.a(CyFlash.o)
 .comment       0x0000006e       0x6f .\CortexM3\ARM_GCC_541\Debug\AY1920_II_HW_05_PROJ_3.a(CySpc.o)

.debug_weaknames
 *(.debug_weaknames)

.debug_funcnames
 *(.debug_funcnames)

.debug_typenames
 *(.debug_typenames)

.debug_varnames
 *(.debug_varnames)

.note.gnu.arm.ident
 *(.note.gnu.arm.ident)

.ARM.attributes
                0x00000000       0x29
 *(.ARM.attributes)
 .ARM.attributes
                0x00000000       0x1d c:/program files (x86)/cypress/psoc creator/4.3/psoc creator/import/gnu/arm/5.4.1/bin/../lib/gcc/arm-none-eabi/5.4.1/armv7-m/crti.o
 .ARM.attributes
                0x0000001d       0x2d c:/program files (x86)/cypress/psoc creator/4.3/psoc creator/import/gnu/arm/5.4.1/bin/../lib/gcc/arm-none-eabi/5.4.1/armv7-m/crtbegin.o
 .ARM.attributes
                0x0000004a       0x1b c:/program files (x86)/cypress/psoc creator/4.3/psoc creator/import/gnu/arm/5.4.1/bin/../lib/gcc/arm-none-eabi/5.4.1/../../../../arm-none-eabi/lib/armv7-m/crt0.o
 .ARM.attributes
                0x00000065       0x33 .\CortexM3\ARM_GCC_541\Debug\main.o
 .ARM.attributes
                0x00000098       0x33 .\CortexM3\ARM_GCC_541\Debug\I2C_Interface.o
 .ARM.attributes
                0x000000cb       0x33 .\CortexM3\ARM_GCC_541\Debug\InterruptRoutines.o
 .ARM.attributes
                0x000000fe       0x33 .\CortexM3\ARM_GCC_541\Debug\cyfitter_cfg.o
 .ARM.attributes
                0x00000131       0x33 .\CortexM3\ARM_GCC_541\Debug\cymetadata.o
 .ARM.attributes
                0x00000164       0x33 .\CortexM3\ARM_GCC_541\Debug\Cm3Start.o
 .ARM.attributes
                0x00000197       0x33 .\CortexM3\ARM_GCC_541\Debug\AY1920_II_HW_05_PROJ_3.a(UART_Debug.o)
 .ARM.attributes
                0x000001ca       0x33 .\CortexM3\ARM_GCC_541\Debug\AY1920_II_HW_05_PROJ_3.a(I2C_Master.o)
 .ARM.attributes
                0x000001fd       0x33 .\CortexM3\ARM_GCC_541\Debug\AY1920_II_HW_05_PROJ_3.a(I2C_Master_INT.o)
 .ARM.attributes
                0x00000230       0x33 .\CortexM3\ARM_GCC_541\Debug\AY1920_II_HW_05_PROJ_3.a(I2C_Master_PM.o)
 .ARM.attributes
                0x00000263       0x33 .\CortexM3\ARM_GCC_541\Debug\AY1920_II_HW_05_PROJ_3.a(I2C_Master_MASTER.o)
 .ARM.attributes
                0x00000296       0x33 .\CortexM3\ARM_GCC_541\Debug\AY1920_II_HW_05_PROJ_3.a(UART_Debug_IntClock.o)
 .ARM.attributes
                0x000002c9       0x33 .\CortexM3\ARM_GCC_541\Debug\AY1920_II_HW_05_PROJ_3.a(CyLib.o)
 .ARM.attributes
                0x000002fc       0x33 .\CortexM3\ARM_GCC_541\Debug\AY1920_II_HW_05_PROJ_3.a(cyPm.o)
 .ARM.attributes
                0x0000032f       0x33 .\CortexM3\ARM_GCC_541\Debug\AY1920_II_HW_05_PROJ_3.a(Timer.o)
 .ARM.attributes
                0x00000362       0x33 .\CortexM3\ARM_GCC_541\Debug\AY1920_II_HW_05_PROJ_3.a(isr_Send.o)
 .ARM.attributes
                0x00000395       0x21 .\CortexM3\ARM_GCC_541\Debug\AY1920_II_HW_05_PROJ_3.a(CyBootAsmGnu.o)
 .ARM.attributes
                0x000003b6       0x33 .\CortexM3\ARM_GCC_541\Debug\AY1920_II_HW_05_PROJ_3.a(CyFlash.o)
 .ARM.attributes
                0x000003e9       0x33 .\CortexM3\ARM_GCC_541\Debug\AY1920_II_HW_05_PROJ_3.a(CySpc.o)
 .ARM.attributes
                0x0000041c       0x1d c:/program files (x86)/cypress/psoc creator/4.3/psoc creator/import/gnu/arm/5.4.1/bin/../lib/gcc/arm-none-eabi/5.4.1/armv7-m\libgcc.a(_arm_addsubdf3.o)
 .ARM.attributes
                0x00000439       0x1d c:/program files (x86)/cypress/psoc creator/4.3/psoc creator/import/gnu/arm/5.4.1/bin/../lib/gcc/arm-none-eabi/5.4.1/armv7-m\libgcc.a(_arm_muldivdf3.o)
 .ARM.attributes
                0x00000456       0x1d c:/program files (x86)/cypress/psoc creator/4.3/psoc creator/import/gnu/arm/5.4.1/bin/../lib/gcc/arm-none-eabi/5.4.1/armv7-m\libgcc.a(_arm_fixdfsi.o)
 .ARM.attributes
                0x00000473       0x1d c:/program files (x86)/cypress/psoc creator/4.3/psoc creator/import/gnu/arm/5.4.1/bin/../lib/gcc/arm-none-eabi/5.4.1/armv7-m\libgcc.a(_arm_addsubsf3.o)
 .ARM.attributes
                0x00000490       0x2d c:/program files (x86)/cypress/psoc creator/4.3/psoc creator/import/gnu/arm/5.4.1/bin/../lib/gcc/arm-none-eabi/5.4.1/../../../../arm-none-eabi/lib/armv7-m\libg_nano.a(lib_a-errno.o)
 .ARM.attributes
                0x000004bd       0x2d c:/program files (x86)/cypress/psoc creator/4.3/psoc creator/import/gnu/arm/5.4.1/bin/../lib/gcc/arm-none-eabi/5.4.1/../../../../arm-none-eabi/lib/armv7-m\libg_nano.a(lib_a-exit.o)
 .ARM.attributes
                0x000004ea       0x2d c:/program files (x86)/cypress/psoc creator/4.3/psoc creator/import/gnu/arm/5.4.1/bin/../lib/gcc/arm-none-eabi/5.4.1/../../../../arm-none-eabi/lib/armv7-m\libg_nano.a(lib_a-impure.o)
 .ARM.attributes
                0x00000517       0x2d c:/program files (x86)/cypress/psoc creator/4.3/psoc creator/import/gnu/arm/5.4.1/bin/../lib/gcc/arm-none-eabi/5.4.1/../../../../arm-none-eabi/lib/armv7-m\libg_nano.a(lib_a-init.o)
 .ARM.attributes
                0x00000544       0x2d c:/program files (x86)/cypress/psoc creator/4.3/psoc creator/import/gnu/arm/5.4.1/bin/../lib/gcc/arm-none-eabi/5.4.1/../../../../arm-none-eabi/lib/armv7-m\libg_nano.a(lib_a-memcpy-stub.o)
 .ARM.attributes
                0x00000571       0x2d c:/program files (x86)/cypress/psoc creator/4.3/psoc creator/import/gnu/arm/5.4.1/bin/../lib/gcc/arm-none-eabi/5.4.1/../../../../arm-none-eabi/lib/armv7-m\libg_nano.a(lib_a-memset.o)
 .ARM.attributes
                0x0000059e       0x2d c:/program files (x86)/cypress/psoc creator/4.3/psoc creator/import/gnu/arm/5.4.1/bin/../lib/gcc/arm-none-eabi/5.4.1/../../../../arm-none-eabi/lib/armv7-m\libg_nano.a(lib_a-sprintf.o)
 .ARM.attributes
                0x000005cb       0x2d c:/program files (x86)/cypress/psoc creator/4.3/psoc creator/import/gnu/arm/5.4.1/bin/../lib/gcc/arm-none-eabi/5.4.1/../../../../arm-none-eabi/lib/armv7-m\libg_nano.a(lib_a-nano-svfprintf.o)
 .ARM.attributes
                0x000005f8       0x2d c:/program files (x86)/cypress/psoc creator/4.3/psoc creator/import/gnu/arm/5.4.1/bin/../lib/gcc/arm-none-eabi/5.4.1/../../../../arm-none-eabi/lib/armv7-m\libg_nano.a(lib_a-nano-vfprintf_i.o)
 .ARM.attributes
                0x00000625       0x2d c:/program files (x86)/cypress/psoc creator/4.3/psoc creator/import/gnu/arm/5.4.1/bin/../lib/gcc/arm-none-eabi/5.4.1/../../../../arm-none-eabi/lib/armv7-m\libg_nano.a(lib_a-memchr-stub.o)
 .ARM.attributes
                0x00000652       0x2d c:/program files (x86)/cypress/psoc creator/4.3/psoc creator/import/gnu/arm/5.4.1/bin/../lib/gcc/arm-none-eabi/5.4.1/../../../../arm-none-eabi/lib/armv7-m\libg_nano.a(lib_a-memmove.o)
 .ARM.attributes
                0x0000067f       0x2d c:/program files (x86)/cypress/psoc creator/4.3/psoc creator/import/gnu/arm/5.4.1/bin/../lib/gcc/arm-none-eabi/5.4.1/../../../../arm-none-eabi/lib/armv7-m\libg_nano.a(lib_a-nano-freer.o)
 .ARM.attributes
                0x000006ac       0x2d c:/program files (x86)/cypress/psoc creator/4.3/psoc creator/import/gnu/arm/5.4.1/bin/../lib/gcc/arm-none-eabi/5.4.1/../../../../arm-none-eabi/lib/armv7-m\libg_nano.a(lib_a-nano-mallocr.o)
 .ARM.attributes
                0x000006d9       0x2d c:/program files (x86)/cypress/psoc creator/4.3/psoc creator/import/gnu/arm/5.4.1/bin/../lib/gcc/arm-none-eabi/5.4.1/../../../../arm-none-eabi/lib/armv7-m\libg_nano.a(lib_a-nano-reallocr.o)
 .ARM.attributes
                0x00000706       0x2d c:/program files (x86)/cypress/psoc creator/4.3/psoc creator/import/gnu/arm/5.4.1/bin/../lib/gcc/arm-none-eabi/5.4.1/../../../../arm-none-eabi/lib/armv7-m\libg_nano.a(lib_a-sbrkr.o)
 .ARM.attributes
                0x00000733       0x2d c:/program files (x86)/cypress/psoc creator/4.3/psoc creator/import/gnu/arm/5.4.1/bin/../lib/gcc/arm-none-eabi/5.4.1/../../../../arm-none-eabi/lib/armv7-m\libg_nano.a(lib_a-mlock.o)
 .ARM.attributes
                0x00000760       0x2d c:/program files (x86)/cypress/psoc creator/4.3/psoc creator/import/gnu/arm/5.4.1/bin/../lib/gcc/arm-none-eabi/5.4.1/../../../../arm-none-eabi/lib/armv7-m\libg_nano.a(lib_a-nano-msizer.o)
 .ARM.attributes
                0x0000078d       0x2d c:/program files (x86)/cypress/psoc creator/4.3/psoc creator/import/gnu/arm/5.4.1/bin/../lib/gcc/arm-none-eabi/5.4.1/../../../../arm-none-eabi/lib/armv7-m\libg_nano.a(lib_a-reent.o)
 .ARM.attributes
                0x000007ba       0x2d c:/program files (x86)/cypress/psoc creator/4.3/psoc creator/import/gnu/arm/5.4.1/bin/../lib/gcc/arm-none-eabi/5.4.1/armv7-m/crtend.o
 .ARM.attributes
                0x000007e7       0x1d c:/program files (x86)/cypress/psoc creator/4.3/psoc creator/import/gnu/arm/5.4.1/bin/../lib/gcc/arm-none-eabi/5.4.1/armv7-m/crtn.o

/DISCARD/
 *(.note.GNU-stack)
OUTPUT(C:\Users\Ilaria\Desktop\PSoC_03\AY1920_II_HW_05_PROJ_3.cydsn\CortexM3\ARM_GCC_541\Debug\AY1920_II_HW_05_PROJ_3.elf elf32-littlearm)
